// Jest Snapshot v1, https://goo.gl/fbAQLP

exports[`days view renders correctly 1`] = `
<div
  className="wrapper"
  data-testid="calender"
>
  <div
    className="calendar-container"
  >
    <div
      className="calendar-header"
      data-testid="header"
    >
      <h2>
        October-2022
      </h2>
      <div>
        <button
          className="btn"
          onClick={[Function]}
          type="button"
        >
          <svg
            enableBackground="new 0 0 48 48"
            fill="currentColor"
            height={25}
            stroke="currentColor"
            strokeWidth="0"
            style={
              Object {
                "color": undefined,
              }
            }
            version="1"
            viewBox="0 0 48 48"
            width={25}
            xmlns="http://www.w3.org/2000/svg"
          >
            <polygon
              fill="#2196F3"
              points="30.9,43 34,39.9 18.1,24 34,8.1 30.9,5 12,24"
            />
          </svg>
        </button>
        <button
          className="btn"
          onClick={[Function]}
          type="button"
        >
          <svg
            enableBackground="new 0 0 48 48"
            fill="currentColor"
            height={25}
            stroke="currentColor"
            strokeWidth="0"
            style={
              Object {
                "color": undefined,
              }
            }
            version="1"
            viewBox="0 0 48 48"
            width={25}
            xmlns="http://www.w3.org/2000/svg"
          >
            <polygon
              fill="#2196F3"
              points="17.1,5 14,8.1 29.9,24 14,39.9 17.1,43 36,24"
            />
          </svg>
        </button>
      </div>
    </div>
    <div
      data-testid="daysview-container"
    >
      <div
        style={
          Object {
            "display": "flex",
            "justifyContent": "space-between",
            "margin": "1rem",
          }
        }
      >
        <div>
          S
        </div>
        <div>
          M
        </div>
        <div>
          T
        </div>
        <div>
          W
        </div>
        <div>
          T
        </div>
        <div>
          F
        </div>
        <div>
          S
        </div>
      </div>
      <div
        data-testid="day-grid"
        style={
          Object {
            "display": "flex",
            "justifyContent": "space-between",
            "margin": "0.3rem",
          }
        }
      >
        <div>
          <button
            className="btn-date"
            onClick={[Function]}
            type="button"
          >
            <time
              dateTime="2022-10-23"
            >
              23
            </time>
          </button>
        </div>
        <div>
          <button
            className="btn-date"
            onClick={[Function]}
            type="button"
          >
            <time
              dateTime="2022-10-24"
            >
              24
            </time>
          </button>
        </div>
        <div>
          <button
            className="btn-date"
            onClick={[Function]}
            type="button"
          >
            <time
              dateTime="2022-10-25"
            >
              25
            </time>
          </button>
        </div>
        <div>
          <button
            className="btn-date"
            onClick={[Function]}
            type="button"
          >
            <time
              dateTime="2022-10-26"
            >
              26
            </time>
          </button>
        </div>
        <div>
          <button
            className="blue btn-date"
            onClick={[Function]}
            type="button"
          >
            <time
              dateTime="2022-10-27"
            >
              27
            </time>
          </button>
        </div>
        <div>
          <button
            className="btn-date"
            onClick={[Function]}
            type="button"
          >
            <time
              dateTime="2022-10-28"
            >
              28
            </time>
          </button>
        </div>
        <div>
          <button
            className="btn-date"
            onClick={[Function]}
            type="button"
          >
            <time
              dateTime="2022-10-29"
            >
              29
            </time>
          </button>
        </div>
      </div>
    </div>
  </div>
</div>
`;
